make.exe all --print-data-base --no-builtin-variables --no-builtin-rules --question
make: *** No rule to make target 'all'.  Stop.

# GNU Make 4.4.1
# Built for Windows32
# Copyright (C) 1988-2023 Free Software Foundation, Inc.
# License GPLv3+: GNU GPL version 3 or later <https://gnu.org/licenses/gpl.html>
# This is free software: you are free to change and redistribute it.
# There is NO WARRANTY, to the extent permitted by law.

# Make data base, printed on Tue Jul 08 00:04:57 2025

# Variables

# environment
SYSTEMDRIVE = C:
# environment
JAVA_HOME = G:\JDK
# environment
LC_ALL = C
# environment
USERPROFILE = C:\Users\29354
# environment
LOCALAPPDATA = C:\Users\29354\AppData\Local
# environment
VSCODE_CRASH_REPORTER_PROCESS_TYPE = extensionHost
# environment
VSCODE_CWD = G:\Microsoft VS Code
# environment
CHOCOLATEYINSTALL = C:\ProgramData\chocolatey
# environment
SYSTEMROOT = C:\Windows
# environment
PROCESSOR_LEVEL = 6
# environment
PSMODULEPATH = C:\Program Files\WindowsPowerShell\Modules;C:\Windows\system32\WindowsPowerShell\v1.0\Modules
# default
MAKE_COMMAND := C:/ProgramData/chocolatey/lib/make/tools/install/bin/make.exe
# environment
APPLICATIONINSIGHTS_CONFIGURATION_CONTENT = {}
# environment
CCHZPATH = E:\CTEX\CTeX\cct\fonts
# automatic
@D = $(patsubst %/,%,$(patsubst %\,%,$(dir $@)))
# environment
CHROME_CRASHPAD_PIPE_NAME = \\.\pipe\crashpad_18188_HHQDXDGTDWSTJOIL
# environment
VSCODE_HANDLES_UNCAUGHT_ERRORS = true
# default
.VARIABLES := 
# automatic
%D = $(patsubst %/,%,$(patsubst %\,%,$(dir $%)))
# environment
IGCCSVC_DB = AQAAANCMnd8BFdERjHoAwE/Cl+sBAAAAgPrz1ZNxkkO1NyW6c0jHngQAAAACAAAAAAAQZgAAAAEAACAAAAA56kabq8+MrlgA3G0BmWNrjOjM0uLt2mrpG7F2PGT0RwAAAAAOgAAAAAIAACAAAAAz5vfc/OAu8a+z1c/N7Hyfm7nBUYVrrwU607WGPdG1TmAAAAC5DpN1hGJ8DE67KqJpVgfj3T43jUdYX8cs5uW+lykBGKfdm98+JYh/zKYfoPorxxH5AScO9FZZ9wcL0HVeJqmokcRTLFeiA+5r/eiC5K6D8jM155x/pJr6K+tuWz8XRLJAAAAAE/54KOPBtyvCZToZxraRJQJMXzE8Rf+YYltR/gP3MoGYrgc/3bJB4/wwa6d3zCLVayoovr4NRUy5VSfZJYrsLg==
# automatic
^D = $(patsubst %/,%,$(patsubst %\,%,$(dir $^)))
# automatic
%F = $(notdir $%)
# environment
VSCODE_CODE_CACHE_PATH = C:\Users\29354\AppData\Roaming\Code\CachedData\2901c5ac6db8a986a5666c3af51ff804d05af0d4
# environment
LANG = C
# default
.LOADED := 
# environment
TMP = C:\Users\29354\AppData\Local\Temp
# default
.INCLUDE_DIRS := .
# environment
PROCESSOR_ARCHITEW6432 = AMD64
# makefile
MAKEFLAGS = pqrR
# environment
ONEDRIVE = C:\Users\29354\OneDrive
# makefile
CURDIR := e:/MyBlog
# environment
APPLICATION_INSIGHTS_NO_DIAGNOSTIC_CHANNEL = true
# environment
VSCODE_L10N_BUNDLE_LOCATION = 
# automatic
*D = $(patsubst %/,%,$(patsubst %\,%,$(dir $*)))
# environment
PROGRAMFILES = C:\Program Files (x86)
# environment
MFLAGS = -pqrR
# default
.SHELLFLAGS := -c
# environment
COMMONPROGRAMW6432 = C:\Program Files\Common Files
# automatic
+D = $(patsubst %/,%,$(patsubst %\,%,$(dir $+)))
# makefile
MAKEFILE_LIST := 
# automatic
@F = $(notdir $@)
# environment
SSL_CERT_FILE = E:\My_Blog\ssl\cacert.pem
# environment
VSCODE_PID = 18188
# automatic
?D = $(patsubst %/,%,$(patsubst %\,%,$(dir $?)))
# automatic
*F = $(notdir $*)
# environment
SSL_CERT_DIR = E:\Ruby32-x64\ssl
# automatic
<D = $(patsubst %/,%,$(patsubst %\,%,$(dir $<)))
# environment
VSCODE_NLS_CONFIG = {"userLocale":"en","osLocale":"zh-cn","resolvedLanguage":"en","defaultMessagesFile":"G:\\Microsoft VS Code\\resources\\app\\out\\nls.messages.json","locale":"en","availableLanguages":{}}
# environment
ONEDRIVECONSUMER = C:\Users\29354\OneDrive
# default
MAKE_HOST := Windows32
# environment
PROGRAMDATA = C:\ProgramData
# default
SHELL := sh.exe
# environment
CLASSPATH =  .;G:\JDK\lib\dt.jar;G:\JDK\lib\tools.jar
# environment
HOMEPATH = \Users\29354
# default
MAKECMDGOALS := all
# environment
CCPKPATH = E:\CTEX\CTeX\fonts\pk\modeless\cct\dpi$d
# environment
DRIVERDATA = C:\Windows\System32\Drivers\DriverData
# environment
COMSPEC = C:\Windows\system32\cmd.exe
# environment
WINDIR = C:\Windows
# environment
MAKELEVEL := 0
# default
MAKE = $(MAKE_COMMAND)
# environment
PATH = E:\Ruby32-x64\bin;E:\Ruby34-x64\bin;%JAVA_HOME&\bin;E:\bin\;G:\MinGW\bin;E:\texlive\2025\bin\windows;C:\Program Files\Common Files\Oracle\Java\javapath;C:\Windows\system32;C:\Windows;C:\Windows\System32\Wbem;C:\Windows\System32\WindowsPowerShell\v1.0\;C:\Windows\System32\OpenSSH\;E:\netcat;C:\Program Files\dotnet\;E:\CTEX\UserData\miktex\bin;E:\CTEX\MiKTeX\miktex\bin\x64;E:\CTEX\CTeX\ctex\bin;E:\CTEX\CTeX\cct\bin;E:\CTEX\CTeX\ty\bin;E:\CTEX\Ghostscript\gs10.01.1\bin;E:\CTEX\WinEdt;E:\minGW64\bin;C:\Program Files (x86)\Windows Kits\10\Windows Performance Toolkit\;C:\Program Files\Pandoc\;E:\Git\cmd;E:\matlab\runtime\win64;E:\matlab\bin;e:\cursor\resources\app\bin;C:\ProgramData\chocolatey\bin;C:\Users\29354\AppData\Local\Programs\Python\Launcher\;e:\Trae CN\bin;C:\Users\29354\Downloads\gytx_x86_64-14.2.0-win32-seh-ucrt\mingw64\bin;C:\Users\29354\AppData\Local\Programs\Python\Python312\Scripts\;C:\Users\29354\AppData\Local\Programs\Python\Python312\;C:\Users\29354\AppData\Local\Microsoft\WindowsApps;C:\Users\29354\AppData\Local\JetBrains\Toolbox\scripts;C:\Dev-Cpp\bin;C:\Users\29354\AppData\Local\GitHubDesktop\bin;C:\User\29354\Downloads\SDL2-devel-2.30.10-VC\SDL2-2.30.10\lib\x64;C:\Program Files (x86)\Prince\engine\bin;E:\MikTeX\miktex\bin\x64\;G:\MinGW\bin;E:\cursor\resources\app\bin;E:\Nmap;G:\Microsoft VS Code\bin
# environment
ZES_ENABLE_SYSMAN = 1
# environment
COMPUTERNAME = AURORA-CHASER-D
# default
MAKEFILES := 
# automatic
^F = $(notdir $^)
# environment
PROMPT = $P$G
# environment
CHOCOLATEYLASTPATHUPDATE = 133956886680674828
# environment
APPLICATION_INSIGHTS_NO_STATSBEAT = true
# environment
LOGONSERVER = \\AURORA-CHASER-D
# environment
USERNAME = 29354
# environment
COMMONPROGRAMFILES = C:\Program Files (x86)\Common Files
# automatic
?F = $(notdir $?)
# environment
PROGRAMW6432 = C:\Program Files
# environment
PATHEXT = .COM;.EXE;.BAT;.CMD;.VBS;.VBE;.JS;.JSE;.WSF;.WSH;.MSC;.RB;.RBW
# automatic
+F = $(notdir $+)
# environment
ORIGINAL_XDG_CURRENT_DESKTOP = undefined
# environment
USERDOMAIN = AURORA-CHASER-D
# 'override' directive
GNUMAKEFLAGS := 
# environment
OS = Windows_NT
# environment
EFC_12044 = 1
# makefile
.DEFAULT_GOAL := 
# default
MAKE_VERSION := 4.4.1
# environment
PROGRAMFILES(X86) = C:\Program Files (x86)
# environment
USERDOMAIN_ROAMINGPROFILE = AURORA-CHASER-D
# environment
NUMBER_OF_PROCESSORS = 16
# environment
PUBLIC = C:\Users\Public
# environment
APPDATA = C:\Users\29354\AppData\Roaming
# environment
HOMEDRIVE = C:
# environment
PROCESSOR_ARCHITECTURE = x86
# environment
COMMONPROGRAMFILES(X86) = C:\Program Files (x86)\Common Files
# environment
ELECTRON_RUN_AS_NODE = 1
# environment
TEMP = C:\Users\29354\AppData\Local\Temp
# environment
VSCODE_IPC_HOOK = \\.\pipe\0d977956-1.101.2-main-sock
# default
.RECIPEPREFIX := 
# automatic
<F = $(notdir $<)
# default
SUFFIXES := 
# environment
ALLUSERSPROFILE = C:\ProgramData
# environment
SESSIONNAME = Console
# default
.FEATURES := target-specific order-only second-expansion else-if shortest-stem undefine oneshell nocomment grouped-target extra-prereqs notintermediate shell-export archives jobserver output-sync load dospaths
# environment
PROCESSOR_REVISION = ba02
# environment
VSCODE_ESM_ENTRYPOINT = vs/workbench/api/node/extensionHostProcess
# environment
PROCESSOR_IDENTIFIER = Intel64 Family 6 Model 186 Stepping 2, GenuineIntel
# variable set hash-table stats:
# Load=103/1024=10%, Rehash=0, Collisions=10/128=8%

# Pattern-specific Variable Values

# No pattern-specific variable values.

# Directories

# . (key e:/MyBlog, mtime 1751696232): 24 files, no impossibilities.

# 24 files, no impossibilities in 1 directories.

# Implicit Rules

# No implicit rules.

# Files

# Not a target:
Makefile:
#  Implicit rule search has been done.
#  File does not exist.
#  File has been updated.
#  Failed to be updated.

# Not a target:
.DEFAULT:
#  Implicit rule search has not been done.
#  Modification time never checked.
#  File has not been updated.

# Not a target:
all:
#  Command line target.
#  Implicit rule search has been done.
#  File does not exist.
#  File has not been updated.

# Not a target:
makefile:
#  Implicit rule search has been done.
#  File does not exist.
#  File has been updated.
#  Failed to be updated.

# Not a target:
makefile.mak:
#  Implicit rule search has been done.
#  File does not exist.
#  File has been updated.
#  Failed to be updated.

# Not a target:
GNUmakefile:
#  Implicit rule search has been done.
#  File does not exist.
#  File has been updated.
#  Failed to be updated.

# files hash-table stats:
# Load=7/1024=1%, Rehash=0, Collisions=0/17=0%
# VPATH Search Paths

# No 'vpath' search paths.

# No general ('VPATH' variable) search path.

# strcache buffers: 1 (0) / strings = 31 / storage = 269 B / avg = 8 B
# current buf: size = 8174 B / used = 269 B / count = 31 / avg = 8 B

# strcache performance: lookups = 34 / hit rate = 8%
# hash-table stats:
# Load=31/8192=0%, Rehash=0, Collisions=0/34=0%
# Finished Make data base on Tue Jul 08 00:04:57 2025

 
